// Jest Snapshot v1, https://goo.gl/fbAQLP

exports[`FormBuilder Image component Image rendered correctly 1`] = `
<ForwardRef
  aspect={1}
  fillColor="white"
  grid={false}
  maxZoom={3}
  minZoom={1}
  modalCancel="CANCEL"
  modalOk="SUBMIT"
  modalTitle="EDIT_IMAGE"
  quality={0.4}
  rotate={false}
  shape="round"
  zoom={true}
>
  <Dragger
    action={[Function]}
    beforeUpload={[Function]}
    className="field-image-upload-container"
    customRequest={[Function]}
    listType="picture-card"
    showUploadList={false}
  >
    <Preview
      onDelete={[Function]}
      value="value"
    />
  </Dragger>
</ForwardRef>
`;
