// Jest Snapshot v1, https://goo.gl/fbAQLP

exports[`Button component Render button correctly 1`] = `
<Button
  border={false}
  className="customClassName"
>
  <Button
    block={false}
    className="dw-btn customClassName no-border"
    ghost={false}
    htmlType="button"
    loading={false}
  >
    <Wave>
      <button
        className="ant-btn dw-btn customClassName no-border"
        onClick={[Function]}
        type="button"
      >
        <LoadingIcon
          existIcon={false}
          loading={false}
          prefixCls="ant-btn"
        >
          <ForwardRef
            motionName="ant-btn-loading-icon-motion"
            onAppearActive={[Function]}
            onAppearStart={[Function]}
            onEnterActive={[Function]}
            onEnterStart={[Function]}
            onLeaveActive={[Function]}
            onLeaveStart={[Function]}
            removeOnLeave={true}
            visible={false}
          >
            <CSSMotion
              internalRef={null}
              motionAppear={true}
              motionEnter={true}
              motionLeave={true}
              motionName="ant-btn-loading-icon-motion"
              onAppearActive={[Function]}
              onAppearStart={[Function]}
              onEnterActive={[Function]}
              onEnterStart={[Function]}
              onLeaveActive={[Function]}
              onLeaveStart={[Function]}
              removeOnLeave={true}
              visible={false}
            />
          </ForwardRef>
        </LoadingIcon>
      </button>
    </Wave>
  </Button>
</Button>
`;
