// Jest Snapshot v1, https://goo.gl/fbAQLP

exports[`Button component Render button correctly 1`] = `
<Button
  border={false}
  className="customClassName"
>
  <Button
    className="dw-btn customClassName no-border"
  >
    <Wave>
      <button
        className="ant-btn dw-btn customClassName no-border"
        onClick={[Function]}
        type="button"
      >
        <LoadingIcon
          existIcon={false}
          loading={false}
          prefixCls="ant-btn"
        >
          <CSSMotion
            motionName="ant-btn-loading-icon-motion"
            onAppearActive={[Function]}
            onAppearStart={[Function]}
            onEnterActive={[Function]}
            onEnterStart={[Function]}
            onLeaveActive={[Function]}
            onLeaveStart={[Function]}
            removeOnLeave={true}
            visible={false}
          >
            <DomWrapper />
          </CSSMotion>
        </LoadingIcon>
      </button>
    </Wave>
  </Button>
</Button>
`;
