// Jest Snapshot v1, https://goo.gl/fbAQLP

exports[`BackTop component Render BackTop correctly 1`] = `
<BackTop>
  <BackTop
    className="dw-back-top"
  >
    <div
      className="ant-back-top dw-back-top"
      onClick={[Function]}
    >
      <CSSMotion
        motionName="fade"
        removeOnLeave={true}
        visible={false}
      >
        <DomWrapper />
      </CSSMotion>
    </div>
  </BackTop>
</BackTop>
`;
