// Jest Snapshot v1, https://goo.gl/fbAQLP

exports[`TextArea component Render TextArea correctly 1`] = `
<TextArea>
  <ForwardRef>
    <ClearableLabeledInput
      bordered={true}
      element={
        <TextArea
          className=""
          onChange={[Function]}
          prefixCls="ant-input"
        />
      }
      handleReset={[Function]}
      inputType="text"
      prefixCls="ant-input"
      value=""
    >
      <TextArea
        className=""
        onChange={[Function]}
        prefixCls="ant-input"
        value=""
      >
        <ResizableTextArea
          className=""
          onChange={[Function]}
          onKeyDown={[Function]}
          prefixCls="ant-input"
          value=""
        >
          <ResizeObserver
            disabled={true}
            onResize={[Function]}
          >
            <textarea
              className="ant-input"
              onChange={[Function]}
              onKeyDown={[Function]}
              style={Object {}}
              value=""
            />
          </ResizeObserver>
        </ResizableTextArea>
      </TextArea>
    </ClearableLabeledInput>
  </ForwardRef>
</TextArea>
`;
