// Jest Snapshot v1, https://goo.gl/fbAQLP

exports[`TableWrapper component rendered TableWrapper corectly 1`] = `
<TableWrapper
  style={
    Object {
      "height": 1,
      "width": 1,
    }
  }
>
  <div
    className="dw-table__wrapper"
    style={
      Object {
        "height": 1,
        "width": 1,
      }
    }
  >
    <table
      style={Object {}}
    />
  </div>
</TableWrapper>
`;
