// Jest Snapshot v1, https://goo.gl/fbAQLP

exports[`CheckboxGroup component CheckboxGroup rendered correctly 1`] = `
<CheckboxGroup
  className="customClassName"
>
  <Memo(CheckboxGroup)
    className="customClassName"
  >
    <div
      className="ant-checkbox-group customClassName"
    />
  </Memo(CheckboxGroup)>
</CheckboxGroup>
`;
