// Jest Snapshot v1, https://goo.gl/fbAQLP

exports[`SideButton component SideButton rendered correctly 1`] = `
<Portal
  containerInfo={<body />}
>
  <Button
    border={true}
    className="side-button side-button--right"
  >
    <span
      className="side-button__icon"
    />
    <span
      className="side-button__text"
    />
  </Button>
</Portal>
`;
