// Jest Snapshot v1, https://goo.gl/fbAQLP

exports[`Table component rendered Table corectly 1`] = `
<div
  className="dw-table-container"
>
  <DndProvider
    backend={[Function]}
  >
    <ContextProvider
      value={
        Object {
          "baseTableState": Object {
            "columns": Array [
              Object {
                "alias10-20279": "Garden",
                "alias20-19186": 93415,
                "alias20-21247": 69154,
                "children": Array [
                  Object {
                    "alias10-20279": "Garden",
                    "alias20-19186": 93415,
                    "alias20-21247": 69154,
                    "key": "0-0",
                  },
                ],
                "key": "0-0",
              },
              Object {
                "alias10-20279": "Prairie",
                "alias20-19186": 66323,
                "alias20-21247": 66325,
                "key": "1-0",
              },
              Object {
                "alias10-20279": "Generic",
                "alias20-19186": 1440,
                "alias20-21247": 73323,
                "key": "2-0",
              },
            ],
            "columnsForceUpdate": 1,
            "columnsMap": Object {
              "undefined": Object {
                "alias10-20279": "Generic",
                "alias20-19186": 1440,
                "alias20-21247": 73323,
                "key": "2-0",
              },
            },
            "columnsSorter": undefined,
            "columnsSwapped": false,
            "columnsWidth": Object {},
            "dTypesConfig": Object {
              "boolean": Object {
                "filter": [Function],
                "sorter": [Function],
                "toString": [Function],
              },
              "number": Object {
                "filter": [Function],
                "multiSearch": [Function],
                "render": [Function],
                "search": [Function],
                "sorter": [Function],
                "toString": [Function],
              },
              "string": Object {
                "filter": [Function],
                "multiSearch": [Function],
                "search": [Function],
                "sorter": [Function],
                "toString": [Function],
              },
            },
            "dataSource": Array [
              Object {
                "alias10-20279": "Garden",
                "alias20-19186": 93415,
                "alias20-21247": 69154,
                "children": Array [
                  Object {
                    "alias10-20279": "Garden",
                    "alias20-19186": 93415,
                    "alias20-21247": 69154,
                    "key": "0-0",
                  },
                ],
                "key": "0-0",
              },
              Object {
                "alias10-20279": "Prairie",
                "alias20-19186": 66323,
                "alias20-21247": 66325,
                "key": "1-0",
              },
              Object {
                "alias10-20279": "Generic",
                "alias20-19186": 1440,
                "alias20-21247": 73323,
                "key": "2-0",
              },
            ],
            "error": undefined,
            "expandedRowKeys": Array [],
            "filterParams": Object {},
            "fixedTotal": true,
            "forceColumns": undefined,
            "forceFetch": 1,
            "loading": undefined,
            "loadingRows": Object {},
            "pagination": Object {
              "current": 1,
              "pageSize": 20,
              "pageSizeOptions": Array [
                "20",
                "35",
                "50",
                "100",
              ],
              "showSizeChanger": true,
              "total": 3,
            },
            "parentsMap": Object {},
            "searchValue": undefined,
            "sortParams": Object {},
            "visibleColumnsKeys": Array [],
          },
          "dispatch": [Function],
          "tableProps": Object {
            "autoColWidth": false,
            "bordered": true,
            "cellRenderProps": Object {},
            "className": "",
            "columns": Array [
              Object {
                "alias10-20279": "Garden",
                "alias20-19186": 93415,
                "alias20-21247": 69154,
                "children": Array [
                  Object {
                    "alias10-20279": "Garden",
                    "alias20-19186": 93415,
                    "alias20-21247": 69154,
                    "key": "0-0",
                  },
                ],
                "key": "0-0",
              },
              Object {
                "alias10-20279": "Prairie",
                "alias20-19186": 66323,
                "alias20-21247": 66325,
                "key": "1-0",
              },
              Object {
                "alias10-20279": "Generic",
                "alias20-19186": 1440,
                "alias20-21247": 73323,
                "key": "2-0",
              },
            ],
            "columnsConfig": Object {},
            "compressColumns": false,
            "dTypesConfig": Object {},
            "dataSource": Array [
              Object {
                "alias10-20279": "Garden",
                "alias20-19186": 93415,
                "alias20-21247": 69154,
                "children": Array [
                  Object {
                    "alias10-20279": "Garden",
                    "alias20-19186": 93415,
                    "alias20-21247": 69154,
                    "key": "0-0",
                  },
                ],
                "key": "0-0",
              },
              Object {
                "alias10-20279": "Prairie",
                "alias20-19186": 66323,
                "alias20-21247": 66325,
                "key": "1-0",
              },
              Object {
                "alias10-20279": "Generic",
                "alias20-19186": 1440,
                "alias20-21247": 73323,
                "key": "2-0",
              },
            ],
            "filterHandler": [Function],
            "height": "auto",
            "isResizableColumns": true,
            "locale": Object {
              "total": "TABLE_TOTAL",
            },
            "pageSizeOptions": Array [
              "20",
              "35",
              "50",
              "100",
            ],
            "searchHandler": [Function],
            "showSizeChanger": true,
            "showSorterTooltip": false,
            "size": "small",
            "sortHandler": [Function],
            "sortable": true,
            "tableLayout": "fixed",
            "width": "auto",
          },
          "tableState": Object {
            "columns": Array [
              Object {
                "alias10-20279": "Garden",
                "alias20-19186": 93415,
                "alias20-21247": 69154,
                "children": Array [
                  Object {
                    "alias10-20279": "Garden",
                    "alias20-19186": 93415,
                    "alias20-21247": 69154,
                    "filteredValue": null,
                    "key": "0-0",
                    "onHeaderCell": [Function],
                    "render": [Function],
                    "sortOrder": undefined,
                    "sorter": true,
                  },
                ],
                "filteredValue": null,
                "key": "0-0",
                "onHeaderCell": [Function],
                "render": [Function],
                "resizable": true,
                "sortOrder": undefined,
                "sorter": false,
              },
              Object {
                "alias10-20279": "Prairie",
                "alias20-19186": 66323,
                "alias20-21247": 66325,
                "filteredValue": null,
                "key": "1-0",
                "onHeaderCell": [Function],
                "render": [Function],
                "resizable": true,
                "sortOrder": undefined,
                "sorter": true,
              },
              Object {
                "alias10-20279": "Generic",
                "alias20-19186": 1440,
                "alias20-21247": 73323,
                "filteredValue": null,
                "key": "2-0",
                "onHeaderCell": [Function],
                "render": [Function],
                "resizable": true,
                "sortOrder": undefined,
                "sorter": true,
              },
            ],
            "columnsForceUpdate": 1,
            "columnsMap": Object {
              "undefined": Object {
                "alias10-20279": "Generic",
                "alias20-19186": 1440,
                "alias20-21247": 73323,
                "key": "2-0",
              },
            },
            "columnsSorter": undefined,
            "columnsSwapped": false,
            "columnsWidth": Object {},
            "dTypesConfig": Object {
              "boolean": Object {
                "filter": [Function],
                "sorter": [Function],
                "toString": [Function],
              },
              "number": Object {
                "filter": [Function],
                "multiSearch": [Function],
                "render": [Function],
                "search": [Function],
                "sorter": [Function],
                "toString": [Function],
              },
              "string": Object {
                "filter": [Function],
                "multiSearch": [Function],
                "search": [Function],
                "sorter": [Function],
                "toString": [Function],
              },
            },
            "dataSource": Array [
              Object {
                "alias10-20279": "Garden",
                "alias20-19186": 93415,
                "alias20-21247": 69154,
                "children": Array [
                  Object {
                    "alias10-20279": "Garden",
                    "alias20-19186": 93415,
                    "alias20-21247": 69154,
                    "key": "0-0",
                  },
                ],
                "key": "0-0",
              },
              Object {
                "alias10-20279": "Prairie",
                "alias20-19186": 66323,
                "alias20-21247": 66325,
                "key": "1-0",
              },
              Object {
                "alias10-20279": "Generic",
                "alias20-19186": 1440,
                "alias20-21247": 73323,
                "key": "2-0",
              },
            ],
            "error": undefined,
            "expandedRowKeys": Array [],
            "filterParams": Object {},
            "fixedTotal": true,
            "forceColumns": undefined,
            "forceFetch": 1,
            "loading": false,
            "loadingRows": Object {},
            "pagination": Object {
              "current": 1,
              "pageSize": 20,
              "pageSizeOptions": Array [
                "20",
                "35",
                "50",
                "100",
              ],
              "showSizeChanger": true,
              "total": 3,
            },
            "parentsMap": Object {},
            "searchValue": undefined,
            "sortParams": Object {},
            "visibleColumnsKeys": Array [],
          },
        }
      }
    >
      <Loader
        loading={false}
      >
        <Table
          bordered={true}
          cellRenderProps={Object {}}
          className="dw-table"
          columns={
            Array [
              Object {
                "alias10-20279": "Garden",
                "alias20-19186": 93415,
                "alias20-21247": 69154,
                "children": Array [
                  Object {
                    "alias10-20279": "Garden",
                    "alias20-19186": 93415,
                    "alias20-21247": 69154,
                    "filteredValue": null,
                    "key": "0-0",
                    "onHeaderCell": [Function],
                    "render": [Function],
                    "sortOrder": undefined,
                    "sorter": true,
                  },
                ],
                "filteredValue": null,
                "key": "0-0",
                "onHeaderCell": [Function],
                "render": [Function],
                "resizable": true,
                "sortOrder": undefined,
                "sorter": false,
              },
              Object {
                "alias10-20279": "Prairie",
                "alias20-19186": 66323,
                "alias20-21247": 66325,
                "filteredValue": null,
                "key": "1-0",
                "onHeaderCell": [Function],
                "render": [Function],
                "resizable": true,
                "sortOrder": undefined,
                "sorter": true,
              },
              Object {
                "alias10-20279": "Generic",
                "alias20-19186": 1440,
                "alias20-21247": 73323,
                "filteredValue": null,
                "key": "2-0",
                "onHeaderCell": [Function],
                "render": [Function],
                "resizable": true,
                "sortOrder": undefined,
                "sorter": true,
              },
            ]
          }
          columnsConfig={Object {}}
          columnsForceUpdate={1}
          columnsMap={
            Object {
              "undefined": Object {
                "alias10-20279": "Generic",
                "alias20-19186": 1440,
                "alias20-21247": 73323,
                "key": "2-0",
              },
            }
          }
          columnsSwapped={false}
          columnsWidth={Object {}}
          components={
            Object {
              "body": Object {
                "cell": [Function],
                "row": [Function],
              },
              "header": Object {
                "cell": [Function],
              },
              "table": [Function],
            }
          }
          dTypesConfig={
            Object {
              "boolean": Object {
                "filter": [Function],
                "sorter": [Function],
                "toString": [Function],
              },
              "number": Object {
                "filter": [Function],
                "multiSearch": [Function],
                "render": [Function],
                "search": [Function],
                "sorter": [Function],
                "toString": [Function],
              },
              "string": Object {
                "filter": [Function],
                "multiSearch": [Function],
                "search": [Function],
                "sorter": [Function],
                "toString": [Function],
              },
            }
          }
          dataSource={
            Array [
              Object {
                "alias10-20279": "Garden",
                "alias20-19186": 93415,
                "alias20-21247": 69154,
                "children": Array [
                  Object {
                    "alias10-20279": "Garden",
                    "alias20-19186": 93415,
                    "alias20-21247": 69154,
                    "key": "0-0",
                  },
                ],
                "key": "0-0",
              },
              Object {
                "alias10-20279": "Prairie",
                "alias20-19186": 66323,
                "alias20-21247": 66325,
                "key": "1-0",
              },
              Object {
                "alias10-20279": "Generic",
                "alias20-19186": 1440,
                "alias20-21247": 73323,
                "key": "2-0",
              },
            ]
          }
          expandIcon={[Function]}
          expandedRowKeys={Array []}
          filterHandler={[Function]}
          filterParams={Object {}}
          fixedTotal={true}
          forceFetch={1}
          isResizableColumns={true}
          loading={false}
          loadingRows={Object {}}
          onChange={[Function]}
          onExpand={[Function]}
          pageSizeOptions={
            Array [
              "20",
              "35",
              "50",
              "100",
            ]
          }
          pagination={
            Object {
              "current": 1,
              "pageSize": 20,
              "pageSizeOptions": Array [
                "20",
                "35",
                "50",
                "100",
              ],
              "showSizeChanger": true,
              "showTotal": [Function],
              "total": 3,
            }
          }
          parentsMap={Object {}}
          rowKey="key"
          searchHandler={[Function]}
          showSorterTooltip={false}
          size="small"
          sortHandler={[Function]}
          sortParams={Object {}}
          sortable={true}
          tableLayout="fixed"
          visibleColumnsKeys={Array []}
        />
      </Loader>
    </ContextProvider>
  </DndProvider>
</div>
`;
