// Jest Snapshot v1, https://goo.gl/fbAQLP

exports[`Table component rendered Table corectly 1`] = `
<DndProvider
  backend={[Function]}
>
  <ContextProvider
    value={
      Object {
        "baseTableState": Object {
          "columns": Array [
            Object {
              "dataIndex": "alias10-51272",
              "filters": Array [
                Object {
                  "text": "Alaska",
                  "value": "Alaska",
                },
                Object {
                  "text": "engage",
                  "value": "engage",
                },
                Object {
                  "text": "Arizona",
                  "value": "Arizona",
                },
                Object {
                  "text": "target",
                  "value": "target",
                },
              ],
              "fixed": "left",
              "key": "0-16982-1",
              "title": "Alias",
            },
            Object {
              "dataIndex": "consequatur11-38527",
              "key": "1-77603-1",
              "title": "Consequatur",
            },
            Object {
              "dataIndex": "aut12-93708",
              "key": "2-31338-1",
              "title": "Aut",
            },
            Object {
              "children": Array [
                Object {
                  "dataIndex": "alias20-65681",
                  "key": "0-39332-2",
                  "title": "Alias",
                },
                Object {
                  "children": Array [
                    Object {
                      "dataIndex": "alias30-56185",
                      "key": "0-3139-3",
                      "title": "Alias",
                    },
                  ],
                  "dataIndex": "consequatur21-94622",
                  "key": "1-22548-2",
                  "title": "Consequatur",
                },
              ],
              "dataIndex": "perferendis13-27670",
              "key": "3-90368-1",
              "title": "Perferendis",
            },
            Object {
              "dataIndex": "sit14-76921",
              "key": "4-60959-1",
              "title": "Sit",
            },
          ],
          "columnsMap": Object {
            "alias10-51272": Object {
              "dataIndex": "alias10-51272",
              "filters": Array [
                Object {
                  "text": "Alaska",
                  "value": "Alaska",
                },
                Object {
                  "text": "engage",
                  "value": "engage",
                },
                Object {
                  "text": "Arizona",
                  "value": "Arizona",
                },
                Object {
                  "text": "target",
                  "value": "target",
                },
              ],
              "fixed": "left",
              "key": "0-16982-1",
              "title": "Alias",
            },
            "alias20-65681": Object {
              "dataIndex": "alias20-65681",
              "key": "0-39332-2",
              "title": "Alias",
            },
            "alias30-56185": Object {
              "dataIndex": "alias30-56185",
              "key": "0-3139-3",
              "title": "Alias",
            },
            "aut12-93708": Object {
              "dataIndex": "aut12-93708",
              "key": "2-31338-1",
              "title": "Aut",
            },
            "consequatur11-38527": Object {
              "dataIndex": "consequatur11-38527",
              "key": "1-77603-1",
              "title": "Consequatur",
            },
            "consequatur21-94622": Object {
              "children": Array [
                Object {
                  "dataIndex": "alias30-56185",
                  "key": "0-3139-3",
                  "title": "Alias",
                },
              ],
              "dataIndex": "consequatur21-94622",
              "key": "1-22548-2",
              "title": "Consequatur",
            },
            "perferendis13-27670": Object {
              "children": Array [
                Object {
                  "dataIndex": "alias20-65681",
                  "key": "0-39332-2",
                  "title": "Alias",
                },
                Object {
                  "children": Array [
                    Object {
                      "dataIndex": "alias30-56185",
                      "key": "0-3139-3",
                      "title": "Alias",
                    },
                  ],
                  "dataIndex": "consequatur21-94622",
                  "key": "1-22548-2",
                  "title": "Consequatur",
                },
              ],
              "dataIndex": "perferendis13-27670",
              "key": "3-90368-1",
              "title": "Perferendis",
            },
            "sit14-76921": Object {
              "dataIndex": "sit14-76921",
              "key": "4-60959-1",
              "title": "Sit",
            },
          },
          "dTypesConfig": Object {
            "boolean": Object {
              "filter": [Function],
              "sorter": [Function],
              "toString": [Function],
            },
            "number": Object {
              "filter": [Function],
              "render": [Function],
              "search": [Function],
              "sorter": [Function],
              "toString": [Function],
            },
            "string": Object {
              "filter": [Function],
              "search": [Function],
              "sorter": [Function],
              "toString": [Function],
            },
          },
          "dataSource": Array [
            Object {
              "alias10-51272": "Alaska",
              "alias20-65681": 67054,
              "alias30-56185": 21465,
              "aut12-93708": 47207,
              "children": Array [
                Object {
                  "alias10-51272": "adapter",
                  "alias20-65681": 68278,
                  "alias30-56185": 89131,
                  "aut12-93708": 89121,
                  "consequatur11-38527": 38033,
                  "key": "0-1",
                  "sit14-76921": 57215,
                },
                Object {
                  "alias10-51272": "Towels",
                  "alias20-65681": 62550,
                  "alias30-56185": 4606,
                  "aut12-93708": 78463,
                  "consequatur11-38527": 61395,
                  "key": "1-1",
                  "sit14-76921": 18798,
                },
              ],
              "consequatur11-38527": 92120,
              "key": "0-0",
              "sit14-76921": 74372,
            },
            Object {
              "alias10-51272": "Alaska",
              "alias20-65681": 14867,
              "alias30-56185": 43636,
              "aut12-93708": 24197,
              "children": Array [
                Object {
                  "alias10-51272": "multi-byte",
                  "alias20-65681": 55960,
                  "alias30-56185": 95745,
                  "aut12-93708": 92139,
                  "consequatur11-38527": 38561,
                  "key": "0-1",
                  "sit14-76921": 40834,
                },
                Object {
                  "alias10-51272": "card",
                  "alias20-65681": 9782,
                  "alias30-56185": 67357,
                  "aut12-93708": 85933,
                  "consequatur11-38527": 64032,
                  "key": "1-1",
                  "sit14-76921": 93872,
                },
                Object {
                  "alias10-51272": "integrate",
                  "alias20-65681": 96563,
                  "alias30-56185": 74272,
                  "aut12-93708": 73805,
                  "consequatur11-38527": 26841,
                  "key": "2-1",
                  "sit14-76921": 63680,
                },
              ],
              "consequatur11-38527": 23269,
              "key": "1-0",
              "sit14-76921": 98704,
            },
            Object {
              "alias10-51272": "engage",
              "alias20-65681": 98780,
              "alias30-56185": 1950,
              "aut12-93708": 7546,
              "children": Array [
                Object {
                  "alias10-51272": "Kenyan Shilling",
                  "alias20-65681": 34974,
                  "alias30-56185": 92933,
                  "aut12-93708": 13143,
                  "consequatur11-38527": 12773,
                  "key": "0-1",
                  "sit14-76921": 45424,
                },
                Object {
                  "alias10-51272": "vertical",
                  "alias20-65681": 69132,
                  "alias30-56185": 41153,
                  "aut12-93708": 27307,
                  "consequatur11-38527": 72499,
                  "key": "1-1",
                  "sit14-76921": 65930,
                },
              ],
              "consequatur11-38527": 55659,
              "key": "2-0",
              "sit14-76921": 48504,
            },
            Object {
              "alias10-51272": "Arizona",
              "alias20-65681": 28537,
              "alias30-56185": 55719,
              "aut12-93708": 94632,
              "children": Array [
                Object {
                  "alias10-51272": "fuchsia",
                  "alias20-65681": 5428,
                  "alias30-56185": 15895,
                  "aut12-93708": 35587,
                  "children": Array [
                    Object {
                      "alias10-51272": "Concrete",
                      "alias20-65681": 21436,
                      "alias30-56185": 18888,
                      "aut12-93708": 80011,
                      "consequatur11-38527": 5242,
                      "key": "0-2",
                      "sit14-76921": 24753,
                    },
                    Object {
                      "alias10-51272": "Down-sized",
                      "alias20-65681": 1956,
                      "alias30-56185": 29308,
                      "aut12-93708": 78798,
                      "consequatur11-38527": 70418,
                      "key": "1-2",
                      "sit14-76921": 79117,
                    },
                    Object {
                      "alias10-51272": "Legacy",
                      "alias20-65681": 4137,
                      "alias30-56185": 38990,
                      "aut12-93708": 32838,
                      "consequatur11-38527": 41558,
                      "key": "2-2",
                      "sit14-76921": 33646,
                    },
                    Object {
                      "alias10-51272": "content",
                      "alias20-65681": 74683,
                      "alias30-56185": 88801,
                      "aut12-93708": 77060,
                      "consequatur11-38527": 57435,
                      "key": "3-2",
                      "sit14-76921": 65733,
                    },
                    Object {
                      "alias10-51272": "Checking Account",
                      "alias20-65681": 78239,
                      "alias30-56185": 5470,
                      "aut12-93708": 32345,
                      "consequatur11-38527": 25589,
                      "key": "4-2",
                      "sit14-76921": 63284,
                    },
                  ],
                  "consequatur11-38527": 69591,
                  "key": "0-1",
                  "sit14-76921": 75513,
                },
                Object {
                  "alias10-51272": "Movies",
                  "alias20-65681": 65266,
                  "alias30-56185": 51425,
                  "aut12-93708": 73421,
                  "children": Array [
                    Object {
                      "alias10-51272": "navigating",
                      "alias20-65681": 10332,
                      "alias30-56185": 60419,
                      "aut12-93708": 36695,
                      "consequatur11-38527": 50035,
                      "key": "0-2",
                      "sit14-76921": 11618,
                    },
                    Object {
                      "alias10-51272": "Producer",
                      "alias20-65681": 8199,
                      "alias30-56185": 3661,
                      "aut12-93708": 13695,
                      "consequatur11-38527": 22822,
                      "key": "1-2",
                      "sit14-76921": 99552,
                    },
                    Object {
                      "alias10-51272": "Technician",
                      "alias20-65681": 58582,
                      "alias30-56185": 75146,
                      "aut12-93708": 37148,
                      "consequatur11-38527": 46384,
                      "key": "2-2",
                      "sit14-76921": 19630,
                    },
                  ],
                  "consequatur11-38527": 21450,
                  "key": "1-1",
                  "sit14-76921": 23874,
                },
                Object {
                  "alias10-51272": "Investment Account",
                  "alias20-65681": 96142,
                  "alias30-56185": 23389,
                  "aut12-93708": 32062,
                  "consequatur11-38527": 11412,
                  "key": "2-1",
                  "sit14-76921": 78599,
                },
                Object {
                  "alias10-51272": "New Jersey",
                  "alias20-65681": 99415,
                  "alias30-56185": 140,
                  "aut12-93708": 20765,
                  "children": Array [
                    Object {
                      "alias10-51272": "Tala",
                      "alias20-65681": 64737,
                      "alias30-56185": 73890,
                      "aut12-93708": 6899,
                      "consequatur11-38527": 12859,
                      "key": "0-2",
                      "sit14-76921": 80238,
                    },
                    Object {
                      "alias10-51272": "instruction set",
                      "alias20-65681": 90491,
                      "alias30-56185": 84871,
                      "aut12-93708": 36108,
                      "consequatur11-38527": 73558,
                      "key": "1-2",
                      "sit14-76921": 95219,
                    },
                    Object {
                      "alias10-51272": "Tasty Plastic Towels",
                      "alias20-65681": 53261,
                      "alias30-56185": 35045,
                      "aut12-93708": 51679,
                      "consequatur11-38527": 53973,
                      "key": "2-2",
                      "sit14-76921": 34324,
                    },
                    Object {
                      "alias10-51272": "olive",
                      "alias20-65681": 25637,
                      "alias30-56185": 19529,
                      "aut12-93708": 37408,
                      "consequatur11-38527": 99336,
                      "key": "3-2",
                      "sit14-76921": 55969,
                    },
                    Object {
                      "alias10-51272": "niches",
                      "alias20-65681": 45708,
                      "alias30-56185": 25719,
                      "aut12-93708": 62656,
                      "consequatur11-38527": 51797,
                      "key": "4-2",
                      "sit14-76921": 87245,
                    },
                  ],
                  "consequatur11-38527": 89761,
                  "key": "3-1",
                  "sit14-76921": 10818,
                },
              ],
              "consequatur11-38527": 56697,
              "key": "3-0",
              "sit14-76921": 86349,
            },
            Object {
              "alias10-51272": "target",
              "alias20-65681": 73334,
              "alias30-56185": 70447,
              "aut12-93708": 60210,
              "consequatur11-38527": 29163,
              "key": "4-0",
              "sit14-76921": 49706,
            },
          ],
          "expandedRowKeys": Array [],
          "filterParams": Object {},
          "loading": undefined,
          "loadingRows": Object {},
          "pagination": Object {
            "pageSize": 20,
            "pageSizeOptions": Array [
              "20",
              "35",
              "50",
              "100",
            ],
            "showSizeChanger": true,
          },
          "parentsMap": Object {},
          "searchValue": undefined,
          "sortParams": Object {},
          "visibleColumnsKeys": Array [],
        },
        "dispatch": [Function],
        "tableProps": Object {
          "bordered": true,
          "cellRenderProps": Object {},
          "className": "",
          "columns": Array [
            Object {
              "dataIndex": "alias10-51272",
              "filters": Array [
                Object {
                  "text": "Alaska",
                  "value": "Alaska",
                },
                Object {
                  "text": "engage",
                  "value": "engage",
                },
                Object {
                  "text": "Arizona",
                  "value": "Arizona",
                },
                Object {
                  "text": "target",
                  "value": "target",
                },
              ],
              "fixed": "left",
              "key": "0-16982-1",
              "title": "Alias",
            },
            Object {
              "dataIndex": "consequatur11-38527",
              "key": "1-77603-1",
              "title": "Consequatur",
            },
            Object {
              "dataIndex": "aut12-93708",
              "key": "2-31338-1",
              "title": "Aut",
            },
            Object {
              "children": Array [
                Object {
                  "dataIndex": "alias20-65681",
                  "key": "0-39332-2",
                  "title": "Alias",
                },
                Object {
                  "children": Array [
                    Object {
                      "dataIndex": "alias30-56185",
                      "key": "0-3139-3",
                      "title": "Alias",
                    },
                  ],
                  "dataIndex": "consequatur21-94622",
                  "key": "1-22548-2",
                  "title": "Consequatur",
                },
              ],
              "dataIndex": "perferendis13-27670",
              "key": "3-90368-1",
              "title": "Perferendis",
            },
            Object {
              "dataIndex": "sit14-76921",
              "key": "4-60959-1",
              "title": "Sit",
            },
          ],
          "columnsConfig": Object {},
          "dTypesConfig": Object {},
          "dataSource": Array [
            Object {
              "alias10-51272": "Alaska",
              "alias20-65681": 67054,
              "alias30-56185": 21465,
              "aut12-93708": 47207,
              "children": Array [
                Object {
                  "alias10-51272": "adapter",
                  "alias20-65681": 68278,
                  "alias30-56185": 89131,
                  "aut12-93708": 89121,
                  "consequatur11-38527": 38033,
                  "key": "0-1",
                  "sit14-76921": 57215,
                },
                Object {
                  "alias10-51272": "Towels",
                  "alias20-65681": 62550,
                  "alias30-56185": 4606,
                  "aut12-93708": 78463,
                  "consequatur11-38527": 61395,
                  "key": "1-1",
                  "sit14-76921": 18798,
                },
              ],
              "consequatur11-38527": 92120,
              "key": "0-0",
              "sit14-76921": 74372,
            },
            Object {
              "alias10-51272": "Alaska",
              "alias20-65681": 14867,
              "alias30-56185": 43636,
              "aut12-93708": 24197,
              "children": Array [
                Object {
                  "alias10-51272": "multi-byte",
                  "alias20-65681": 55960,
                  "alias30-56185": 95745,
                  "aut12-93708": 92139,
                  "consequatur11-38527": 38561,
                  "key": "0-1",
                  "sit14-76921": 40834,
                },
                Object {
                  "alias10-51272": "card",
                  "alias20-65681": 9782,
                  "alias30-56185": 67357,
                  "aut12-93708": 85933,
                  "consequatur11-38527": 64032,
                  "key": "1-1",
                  "sit14-76921": 93872,
                },
                Object {
                  "alias10-51272": "integrate",
                  "alias20-65681": 96563,
                  "alias30-56185": 74272,
                  "aut12-93708": 73805,
                  "consequatur11-38527": 26841,
                  "key": "2-1",
                  "sit14-76921": 63680,
                },
              ],
              "consequatur11-38527": 23269,
              "key": "1-0",
              "sit14-76921": 98704,
            },
            Object {
              "alias10-51272": "engage",
              "alias20-65681": 98780,
              "alias30-56185": 1950,
              "aut12-93708": 7546,
              "children": Array [
                Object {
                  "alias10-51272": "Kenyan Shilling",
                  "alias20-65681": 34974,
                  "alias30-56185": 92933,
                  "aut12-93708": 13143,
                  "consequatur11-38527": 12773,
                  "key": "0-1",
                  "sit14-76921": 45424,
                },
                Object {
                  "alias10-51272": "vertical",
                  "alias20-65681": 69132,
                  "alias30-56185": 41153,
                  "aut12-93708": 27307,
                  "consequatur11-38527": 72499,
                  "key": "1-1",
                  "sit14-76921": 65930,
                },
              ],
              "consequatur11-38527": 55659,
              "key": "2-0",
              "sit14-76921": 48504,
            },
            Object {
              "alias10-51272": "Arizona",
              "alias20-65681": 28537,
              "alias30-56185": 55719,
              "aut12-93708": 94632,
              "children": Array [
                Object {
                  "alias10-51272": "fuchsia",
                  "alias20-65681": 5428,
                  "alias30-56185": 15895,
                  "aut12-93708": 35587,
                  "children": Array [
                    Object {
                      "alias10-51272": "Concrete",
                      "alias20-65681": 21436,
                      "alias30-56185": 18888,
                      "aut12-93708": 80011,
                      "consequatur11-38527": 5242,
                      "key": "0-2",
                      "sit14-76921": 24753,
                    },
                    Object {
                      "alias10-51272": "Down-sized",
                      "alias20-65681": 1956,
                      "alias30-56185": 29308,
                      "aut12-93708": 78798,
                      "consequatur11-38527": 70418,
                      "key": "1-2",
                      "sit14-76921": 79117,
                    },
                    Object {
                      "alias10-51272": "Legacy",
                      "alias20-65681": 4137,
                      "alias30-56185": 38990,
                      "aut12-93708": 32838,
                      "consequatur11-38527": 41558,
                      "key": "2-2",
                      "sit14-76921": 33646,
                    },
                    Object {
                      "alias10-51272": "content",
                      "alias20-65681": 74683,
                      "alias30-56185": 88801,
                      "aut12-93708": 77060,
                      "consequatur11-38527": 57435,
                      "key": "3-2",
                      "sit14-76921": 65733,
                    },
                    Object {
                      "alias10-51272": "Checking Account",
                      "alias20-65681": 78239,
                      "alias30-56185": 5470,
                      "aut12-93708": 32345,
                      "consequatur11-38527": 25589,
                      "key": "4-2",
                      "sit14-76921": 63284,
                    },
                  ],
                  "consequatur11-38527": 69591,
                  "key": "0-1",
                  "sit14-76921": 75513,
                },
                Object {
                  "alias10-51272": "Movies",
                  "alias20-65681": 65266,
                  "alias30-56185": 51425,
                  "aut12-93708": 73421,
                  "children": Array [
                    Object {
                      "alias10-51272": "navigating",
                      "alias20-65681": 10332,
                      "alias30-56185": 60419,
                      "aut12-93708": 36695,
                      "consequatur11-38527": 50035,
                      "key": "0-2",
                      "sit14-76921": 11618,
                    },
                    Object {
                      "alias10-51272": "Producer",
                      "alias20-65681": 8199,
                      "alias30-56185": 3661,
                      "aut12-93708": 13695,
                      "consequatur11-38527": 22822,
                      "key": "1-2",
                      "sit14-76921": 99552,
                    },
                    Object {
                      "alias10-51272": "Technician",
                      "alias20-65681": 58582,
                      "alias30-56185": 75146,
                      "aut12-93708": 37148,
                      "consequatur11-38527": 46384,
                      "key": "2-2",
                      "sit14-76921": 19630,
                    },
                  ],
                  "consequatur11-38527": 21450,
                  "key": "1-1",
                  "sit14-76921": 23874,
                },
                Object {
                  "alias10-51272": "Investment Account",
                  "alias20-65681": 96142,
                  "alias30-56185": 23389,
                  "aut12-93708": 32062,
                  "consequatur11-38527": 11412,
                  "key": "2-1",
                  "sit14-76921": 78599,
                },
                Object {
                  "alias10-51272": "New Jersey",
                  "alias20-65681": 99415,
                  "alias30-56185": 140,
                  "aut12-93708": 20765,
                  "children": Array [
                    Object {
                      "alias10-51272": "Tala",
                      "alias20-65681": 64737,
                      "alias30-56185": 73890,
                      "aut12-93708": 6899,
                      "consequatur11-38527": 12859,
                      "key": "0-2",
                      "sit14-76921": 80238,
                    },
                    Object {
                      "alias10-51272": "instruction set",
                      "alias20-65681": 90491,
                      "alias30-56185": 84871,
                      "aut12-93708": 36108,
                      "consequatur11-38527": 73558,
                      "key": "1-2",
                      "sit14-76921": 95219,
                    },
                    Object {
                      "alias10-51272": "Tasty Plastic Towels",
                      "alias20-65681": 53261,
                      "alias30-56185": 35045,
                      "aut12-93708": 51679,
                      "consequatur11-38527": 53973,
                      "key": "2-2",
                      "sit14-76921": 34324,
                    },
                    Object {
                      "alias10-51272": "olive",
                      "alias20-65681": 25637,
                      "alias30-56185": 19529,
                      "aut12-93708": 37408,
                      "consequatur11-38527": 99336,
                      "key": "3-2",
                      "sit14-76921": 55969,
                    },
                    Object {
                      "alias10-51272": "niches",
                      "alias20-65681": 45708,
                      "alias30-56185": 25719,
                      "aut12-93708": 62656,
                      "consequatur11-38527": 51797,
                      "key": "4-2",
                      "sit14-76921": 87245,
                    },
                  ],
                  "consequatur11-38527": 89761,
                  "key": "3-1",
                  "sit14-76921": 10818,
                },
              ],
              "consequatur11-38527": 56697,
              "key": "3-0",
              "sit14-76921": 86349,
            },
            Object {
              "alias10-51272": "target",
              "alias20-65681": 73334,
              "alias30-56185": 70447,
              "aut12-93708": 60210,
              "consequatur11-38527": 29163,
              "key": "4-0",
              "sit14-76921": 49706,
            },
          ],
          "filterHandler": [Function],
          "height": "450px",
          "isResizableColumns": true,
          "locale": Object {
            "total": "TABLE_TOTAL",
          },
          "pageSizeOptions": Array [
            "20",
            "35",
            "50",
            "100",
          ],
          "searchHandler": [Function],
          "showSizeChanger": true,
          "showSorterTooltip": false,
          "size": "small",
          "sortHandler": [Function],
          "sortable": true,
          "tableLayout": "fixed",
          "width": "auto",
        },
        "tableState": Object {
          "columns": Array [
            Object {
              "children": undefined,
              "dataIndex": "alias10-51272",
              "filteredValue": undefined,
              "filters": Array [
                Object {
                  "text": "Alaska",
                  "value": "Alaska",
                },
                Object {
                  "text": "engage",
                  "value": "engage",
                },
                Object {
                  "text": "Arizona",
                  "value": "Arizona",
                },
                Object {
                  "text": "target",
                  "value": "target",
                },
              ],
              "fixed": "left",
              "key": "0-16982-1",
              "onHeaderCell": [Function],
              "render": [Function],
              "resizable": true,
              "sortOrder": undefined,
              "sorter": true,
              "title": "Alias",
            },
            Object {
              "children": undefined,
              "dataIndex": "consequatur11-38527",
              "filteredValue": undefined,
              "key": "1-77603-1",
              "onHeaderCell": [Function],
              "render": [Function],
              "resizable": true,
              "sortOrder": undefined,
              "sorter": true,
              "title": "Consequatur",
            },
            Object {
              "children": undefined,
              "dataIndex": "aut12-93708",
              "filteredValue": undefined,
              "key": "2-31338-1",
              "onHeaderCell": [Function],
              "render": [Function],
              "resizable": true,
              "sortOrder": undefined,
              "sorter": true,
              "title": "Aut",
            },
            Object {
              "children": Array [
                Object {
                  "children": undefined,
                  "dataIndex": "alias20-65681",
                  "filteredValue": undefined,
                  "key": "0-39332-2",
                  "onHeaderCell": [Function],
                  "render": [Function],
                  "sortOrder": undefined,
                  "sorter": true,
                  "title": "Alias",
                },
                Object {
                  "children": Array [
                    Object {
                      "children": undefined,
                      "dataIndex": "alias30-56185",
                      "filteredValue": undefined,
                      "key": "0-3139-3",
                      "onHeaderCell": [Function],
                      "render": [Function],
                      "sortOrder": undefined,
                      "sorter": true,
                      "title": "Alias",
                    },
                  ],
                  "dataIndex": "consequatur21-94622",
                  "filteredValue": undefined,
                  "key": "1-22548-2",
                  "onHeaderCell": [Function],
                  "render": [Function],
                  "sortOrder": undefined,
                  "title": "Consequatur",
                },
              ],
              "dataIndex": "perferendis13-27670",
              "filteredValue": undefined,
              "key": "3-90368-1",
              "onHeaderCell": [Function],
              "render": [Function],
              "resizable": true,
              "sortOrder": undefined,
              "title": "Perferendis",
            },
            Object {
              "children": undefined,
              "dataIndex": "sit14-76921",
              "filteredValue": undefined,
              "key": "4-60959-1",
              "onHeaderCell": [Function],
              "render": [Function],
              "resizable": true,
              "sortOrder": undefined,
              "sorter": true,
              "title": "Sit",
            },
          ],
          "columnsMap": Object {
            "alias10-51272": Object {
              "dataIndex": "alias10-51272",
              "filters": Array [
                Object {
                  "text": "Alaska",
                  "value": "Alaska",
                },
                Object {
                  "text": "engage",
                  "value": "engage",
                },
                Object {
                  "text": "Arizona",
                  "value": "Arizona",
                },
                Object {
                  "text": "target",
                  "value": "target",
                },
              ],
              "fixed": "left",
              "key": "0-16982-1",
              "title": "Alias",
            },
            "alias20-65681": Object {
              "dataIndex": "alias20-65681",
              "key": "0-39332-2",
              "title": "Alias",
            },
            "alias30-56185": Object {
              "dataIndex": "alias30-56185",
              "key": "0-3139-3",
              "title": "Alias",
            },
            "aut12-93708": Object {
              "dataIndex": "aut12-93708",
              "key": "2-31338-1",
              "title": "Aut",
            },
            "consequatur11-38527": Object {
              "dataIndex": "consequatur11-38527",
              "key": "1-77603-1",
              "title": "Consequatur",
            },
            "consequatur21-94622": Object {
              "children": Array [
                Object {
                  "dataIndex": "alias30-56185",
                  "key": "0-3139-3",
                  "title": "Alias",
                },
              ],
              "dataIndex": "consequatur21-94622",
              "key": "1-22548-2",
              "title": "Consequatur",
            },
            "perferendis13-27670": Object {
              "children": Array [
                Object {
                  "dataIndex": "alias20-65681",
                  "key": "0-39332-2",
                  "title": "Alias",
                },
                Object {
                  "children": Array [
                    Object {
                      "dataIndex": "alias30-56185",
                      "key": "0-3139-3",
                      "title": "Alias",
                    },
                  ],
                  "dataIndex": "consequatur21-94622",
                  "key": "1-22548-2",
                  "title": "Consequatur",
                },
              ],
              "dataIndex": "perferendis13-27670",
              "key": "3-90368-1",
              "title": "Perferendis",
            },
            "sit14-76921": Object {
              "dataIndex": "sit14-76921",
              "key": "4-60959-1",
              "title": "Sit",
            },
          },
          "dTypesConfig": Object {
            "boolean": Object {
              "filter": [Function],
              "sorter": [Function],
              "toString": [Function],
            },
            "number": Object {
              "filter": [Function],
              "render": [Function],
              "search": [Function],
              "sorter": [Function],
              "toString": [Function],
            },
            "string": Object {
              "filter": [Function],
              "search": [Function],
              "sorter": [Function],
              "toString": [Function],
            },
          },
          "dataSource": Array [
            Object {
              "alias10-51272": "Alaska",
              "alias20-65681": 67054,
              "alias30-56185": 21465,
              "aut12-93708": 47207,
              "children": Array [
                Object {
                  "alias10-51272": "adapter",
                  "alias20-65681": 68278,
                  "alias30-56185": 89131,
                  "aut12-93708": 89121,
                  "consequatur11-38527": 38033,
                  "key": "0-1",
                  "sit14-76921": 57215,
                },
                Object {
                  "alias10-51272": "Towels",
                  "alias20-65681": 62550,
                  "alias30-56185": 4606,
                  "aut12-93708": 78463,
                  "consequatur11-38527": 61395,
                  "key": "1-1",
                  "sit14-76921": 18798,
                },
              ],
              "consequatur11-38527": 92120,
              "key": "0-0",
              "sit14-76921": 74372,
            },
            Object {
              "alias10-51272": "Alaska",
              "alias20-65681": 14867,
              "alias30-56185": 43636,
              "aut12-93708": 24197,
              "children": Array [
                Object {
                  "alias10-51272": "multi-byte",
                  "alias20-65681": 55960,
                  "alias30-56185": 95745,
                  "aut12-93708": 92139,
                  "consequatur11-38527": 38561,
                  "key": "0-1",
                  "sit14-76921": 40834,
                },
                Object {
                  "alias10-51272": "card",
                  "alias20-65681": 9782,
                  "alias30-56185": 67357,
                  "aut12-93708": 85933,
                  "consequatur11-38527": 64032,
                  "key": "1-1",
                  "sit14-76921": 93872,
                },
                Object {
                  "alias10-51272": "integrate",
                  "alias20-65681": 96563,
                  "alias30-56185": 74272,
                  "aut12-93708": 73805,
                  "consequatur11-38527": 26841,
                  "key": "2-1",
                  "sit14-76921": 63680,
                },
              ],
              "consequatur11-38527": 23269,
              "key": "1-0",
              "sit14-76921": 98704,
            },
            Object {
              "alias10-51272": "engage",
              "alias20-65681": 98780,
              "alias30-56185": 1950,
              "aut12-93708": 7546,
              "children": Array [
                Object {
                  "alias10-51272": "Kenyan Shilling",
                  "alias20-65681": 34974,
                  "alias30-56185": 92933,
                  "aut12-93708": 13143,
                  "consequatur11-38527": 12773,
                  "key": "0-1",
                  "sit14-76921": 45424,
                },
                Object {
                  "alias10-51272": "vertical",
                  "alias20-65681": 69132,
                  "alias30-56185": 41153,
                  "aut12-93708": 27307,
                  "consequatur11-38527": 72499,
                  "key": "1-1",
                  "sit14-76921": 65930,
                },
              ],
              "consequatur11-38527": 55659,
              "key": "2-0",
              "sit14-76921": 48504,
            },
            Object {
              "alias10-51272": "Arizona",
              "alias20-65681": 28537,
              "alias30-56185": 55719,
              "aut12-93708": 94632,
              "children": Array [
                Object {
                  "alias10-51272": "fuchsia",
                  "alias20-65681": 5428,
                  "alias30-56185": 15895,
                  "aut12-93708": 35587,
                  "children": Array [
                    Object {
                      "alias10-51272": "Concrete",
                      "alias20-65681": 21436,
                      "alias30-56185": 18888,
                      "aut12-93708": 80011,
                      "consequatur11-38527": 5242,
                      "key": "0-2",
                      "sit14-76921": 24753,
                    },
                    Object {
                      "alias10-51272": "Down-sized",
                      "alias20-65681": 1956,
                      "alias30-56185": 29308,
                      "aut12-93708": 78798,
                      "consequatur11-38527": 70418,
                      "key": "1-2",
                      "sit14-76921": 79117,
                    },
                    Object {
                      "alias10-51272": "Legacy",
                      "alias20-65681": 4137,
                      "alias30-56185": 38990,
                      "aut12-93708": 32838,
                      "consequatur11-38527": 41558,
                      "key": "2-2",
                      "sit14-76921": 33646,
                    },
                    Object {
                      "alias10-51272": "content",
                      "alias20-65681": 74683,
                      "alias30-56185": 88801,
                      "aut12-93708": 77060,
                      "consequatur11-38527": 57435,
                      "key": "3-2",
                      "sit14-76921": 65733,
                    },
                    Object {
                      "alias10-51272": "Checking Account",
                      "alias20-65681": 78239,
                      "alias30-56185": 5470,
                      "aut12-93708": 32345,
                      "consequatur11-38527": 25589,
                      "key": "4-2",
                      "sit14-76921": 63284,
                    },
                  ],
                  "consequatur11-38527": 69591,
                  "key": "0-1",
                  "sit14-76921": 75513,
                },
                Object {
                  "alias10-51272": "Movies",
                  "alias20-65681": 65266,
                  "alias30-56185": 51425,
                  "aut12-93708": 73421,
                  "children": Array [
                    Object {
                      "alias10-51272": "navigating",
                      "alias20-65681": 10332,
                      "alias30-56185": 60419,
                      "aut12-93708": 36695,
                      "consequatur11-38527": 50035,
                      "key": "0-2",
                      "sit14-76921": 11618,
                    },
                    Object {
                      "alias10-51272": "Producer",
                      "alias20-65681": 8199,
                      "alias30-56185": 3661,
                      "aut12-93708": 13695,
                      "consequatur11-38527": 22822,
                      "key": "1-2",
                      "sit14-76921": 99552,
                    },
                    Object {
                      "alias10-51272": "Technician",
                      "alias20-65681": 58582,
                      "alias30-56185": 75146,
                      "aut12-93708": 37148,
                      "consequatur11-38527": 46384,
                      "key": "2-2",
                      "sit14-76921": 19630,
                    },
                  ],
                  "consequatur11-38527": 21450,
                  "key": "1-1",
                  "sit14-76921": 23874,
                },
                Object {
                  "alias10-51272": "Investment Account",
                  "alias20-65681": 96142,
                  "alias30-56185": 23389,
                  "aut12-93708": 32062,
                  "consequatur11-38527": 11412,
                  "key": "2-1",
                  "sit14-76921": 78599,
                },
                Object {
                  "alias10-51272": "New Jersey",
                  "alias20-65681": 99415,
                  "alias30-56185": 140,
                  "aut12-93708": 20765,
                  "children": Array [
                    Object {
                      "alias10-51272": "Tala",
                      "alias20-65681": 64737,
                      "alias30-56185": 73890,
                      "aut12-93708": 6899,
                      "consequatur11-38527": 12859,
                      "key": "0-2",
                      "sit14-76921": 80238,
                    },
                    Object {
                      "alias10-51272": "instruction set",
                      "alias20-65681": 90491,
                      "alias30-56185": 84871,
                      "aut12-93708": 36108,
                      "consequatur11-38527": 73558,
                      "key": "1-2",
                      "sit14-76921": 95219,
                    },
                    Object {
                      "alias10-51272": "Tasty Plastic Towels",
                      "alias20-65681": 53261,
                      "alias30-56185": 35045,
                      "aut12-93708": 51679,
                      "consequatur11-38527": 53973,
                      "key": "2-2",
                      "sit14-76921": 34324,
                    },
                    Object {
                      "alias10-51272": "olive",
                      "alias20-65681": 25637,
                      "alias30-56185": 19529,
                      "aut12-93708": 37408,
                      "consequatur11-38527": 99336,
                      "key": "3-2",
                      "sit14-76921": 55969,
                    },
                    Object {
                      "alias10-51272": "niches",
                      "alias20-65681": 45708,
                      "alias30-56185": 25719,
                      "aut12-93708": 62656,
                      "consequatur11-38527": 51797,
                      "key": "4-2",
                      "sit14-76921": 87245,
                    },
                  ],
                  "consequatur11-38527": 89761,
                  "key": "3-1",
                  "sit14-76921": 10818,
                },
              ],
              "consequatur11-38527": 56697,
              "key": "3-0",
              "sit14-76921": 86349,
            },
            Object {
              "alias10-51272": "target",
              "alias20-65681": 73334,
              "alias30-56185": 70447,
              "aut12-93708": 60210,
              "consequatur11-38527": 29163,
              "key": "4-0",
              "sit14-76921": 49706,
            },
          ],
          "expandedRowKeys": Array [],
          "filterParams": Object {},
          "loading": false,
          "loadingRows": Object {},
          "pagination": Object {
            "pageSize": 20,
            "pageSizeOptions": Array [
              "20",
              "35",
              "50",
              "100",
            ],
            "showSizeChanger": true,
          },
          "parentsMap": Object {},
          "searchValue": undefined,
          "sortParams": Object {},
          "visibleColumnsKeys": Array [],
        },
      }
    }
  >
    <Loader
      loading={false}
    >
      <Table
        bordered={true}
        cellRenderProps={Object {}}
        className="dw-table"
        columns={
          Array [
            Object {
              "children": undefined,
              "dataIndex": "alias10-51272",
              "filteredValue": undefined,
              "filters": Array [
                Object {
                  "text": "Alaska",
                  "value": "Alaska",
                },
                Object {
                  "text": "engage",
                  "value": "engage",
                },
                Object {
                  "text": "Arizona",
                  "value": "Arizona",
                },
                Object {
                  "text": "target",
                  "value": "target",
                },
              ],
              "fixed": "left",
              "key": "0-16982-1",
              "onHeaderCell": [Function],
              "render": [Function],
              "resizable": true,
              "sortOrder": undefined,
              "sorter": true,
              "title": "Alias",
            },
            Object {
              "children": undefined,
              "dataIndex": "consequatur11-38527",
              "filteredValue": undefined,
              "key": "1-77603-1",
              "onHeaderCell": [Function],
              "render": [Function],
              "resizable": true,
              "sortOrder": undefined,
              "sorter": true,
              "title": "Consequatur",
            },
            Object {
              "children": undefined,
              "dataIndex": "aut12-93708",
              "filteredValue": undefined,
              "key": "2-31338-1",
              "onHeaderCell": [Function],
              "render": [Function],
              "resizable": true,
              "sortOrder": undefined,
              "sorter": true,
              "title": "Aut",
            },
            Object {
              "children": Array [
                Object {
                  "children": undefined,
                  "dataIndex": "alias20-65681",
                  "filteredValue": undefined,
                  "key": "0-39332-2",
                  "onHeaderCell": [Function],
                  "render": [Function],
                  "sortOrder": undefined,
                  "sorter": true,
                  "title": "Alias",
                },
                Object {
                  "children": Array [
                    Object {
                      "children": undefined,
                      "dataIndex": "alias30-56185",
                      "filteredValue": undefined,
                      "key": "0-3139-3",
                      "onHeaderCell": [Function],
                      "render": [Function],
                      "sortOrder": undefined,
                      "sorter": true,
                      "title": "Alias",
                    },
                  ],
                  "dataIndex": "consequatur21-94622",
                  "filteredValue": undefined,
                  "key": "1-22548-2",
                  "onHeaderCell": [Function],
                  "render": [Function],
                  "sortOrder": undefined,
                  "title": "Consequatur",
                },
              ],
              "dataIndex": "perferendis13-27670",
              "filteredValue": undefined,
              "key": "3-90368-1",
              "onHeaderCell": [Function],
              "render": [Function],
              "resizable": true,
              "sortOrder": undefined,
              "title": "Perferendis",
            },
            Object {
              "children": undefined,
              "dataIndex": "sit14-76921",
              "filteredValue": undefined,
              "key": "4-60959-1",
              "onHeaderCell": [Function],
              "render": [Function],
              "resizable": true,
              "sortOrder": undefined,
              "sorter": true,
              "title": "Sit",
            },
          ]
        }
        columnsConfig={Object {}}
        columnsMap={
          Object {
            "alias10-51272": Object {
              "dataIndex": "alias10-51272",
              "filters": Array [
                Object {
                  "text": "Alaska",
                  "value": "Alaska",
                },
                Object {
                  "text": "engage",
                  "value": "engage",
                },
                Object {
                  "text": "Arizona",
                  "value": "Arizona",
                },
                Object {
                  "text": "target",
                  "value": "target",
                },
              ],
              "fixed": "left",
              "key": "0-16982-1",
              "title": "Alias",
            },
            "alias20-65681": Object {
              "dataIndex": "alias20-65681",
              "key": "0-39332-2",
              "title": "Alias",
            },
            "alias30-56185": Object {
              "dataIndex": "alias30-56185",
              "key": "0-3139-3",
              "title": "Alias",
            },
            "aut12-93708": Object {
              "dataIndex": "aut12-93708",
              "key": "2-31338-1",
              "title": "Aut",
            },
            "consequatur11-38527": Object {
              "dataIndex": "consequatur11-38527",
              "key": "1-77603-1",
              "title": "Consequatur",
            },
            "consequatur21-94622": Object {
              "children": Array [
                Object {
                  "dataIndex": "alias30-56185",
                  "key": "0-3139-3",
                  "title": "Alias",
                },
              ],
              "dataIndex": "consequatur21-94622",
              "key": "1-22548-2",
              "title": "Consequatur",
            },
            "perferendis13-27670": Object {
              "children": Array [
                Object {
                  "dataIndex": "alias20-65681",
                  "key": "0-39332-2",
                  "title": "Alias",
                },
                Object {
                  "children": Array [
                    Object {
                      "dataIndex": "alias30-56185",
                      "key": "0-3139-3",
                      "title": "Alias",
                    },
                  ],
                  "dataIndex": "consequatur21-94622",
                  "key": "1-22548-2",
                  "title": "Consequatur",
                },
              ],
              "dataIndex": "perferendis13-27670",
              "key": "3-90368-1",
              "title": "Perferendis",
            },
            "sit14-76921": Object {
              "dataIndex": "sit14-76921",
              "key": "4-60959-1",
              "title": "Sit",
            },
          }
        }
        components={
          Object {
            "body": Object {
              "cell": [Function],
            },
            "header": Object {
              "cell": [Function],
            },
            "table": [Function],
          }
        }
        dTypesConfig={
          Object {
            "boolean": Object {
              "filter": [Function],
              "sorter": [Function],
              "toString": [Function],
            },
            "number": Object {
              "filter": [Function],
              "render": [Function],
              "search": [Function],
              "sorter": [Function],
              "toString": [Function],
            },
            "string": Object {
              "filter": [Function],
              "search": [Function],
              "sorter": [Function],
              "toString": [Function],
            },
          }
        }
        dataSource={
          Array [
            Object {
              "alias10-51272": "Alaska",
              "alias20-65681": 67054,
              "alias30-56185": 21465,
              "aut12-93708": 47207,
              "children": Array [
                Object {
                  "alias10-51272": "adapter",
                  "alias20-65681": 68278,
                  "alias30-56185": 89131,
                  "aut12-93708": 89121,
                  "consequatur11-38527": 38033,
                  "key": "0-1",
                  "sit14-76921": 57215,
                },
                Object {
                  "alias10-51272": "Towels",
                  "alias20-65681": 62550,
                  "alias30-56185": 4606,
                  "aut12-93708": 78463,
                  "consequatur11-38527": 61395,
                  "key": "1-1",
                  "sit14-76921": 18798,
                },
              ],
              "consequatur11-38527": 92120,
              "key": "0-0",
              "sit14-76921": 74372,
            },
            Object {
              "alias10-51272": "Alaska",
              "alias20-65681": 14867,
              "alias30-56185": 43636,
              "aut12-93708": 24197,
              "children": Array [
                Object {
                  "alias10-51272": "multi-byte",
                  "alias20-65681": 55960,
                  "alias30-56185": 95745,
                  "aut12-93708": 92139,
                  "consequatur11-38527": 38561,
                  "key": "0-1",
                  "sit14-76921": 40834,
                },
                Object {
                  "alias10-51272": "card",
                  "alias20-65681": 9782,
                  "alias30-56185": 67357,
                  "aut12-93708": 85933,
                  "consequatur11-38527": 64032,
                  "key": "1-1",
                  "sit14-76921": 93872,
                },
                Object {
                  "alias10-51272": "integrate",
                  "alias20-65681": 96563,
                  "alias30-56185": 74272,
                  "aut12-93708": 73805,
                  "consequatur11-38527": 26841,
                  "key": "2-1",
                  "sit14-76921": 63680,
                },
              ],
              "consequatur11-38527": 23269,
              "key": "1-0",
              "sit14-76921": 98704,
            },
            Object {
              "alias10-51272": "engage",
              "alias20-65681": 98780,
              "alias30-56185": 1950,
              "aut12-93708": 7546,
              "children": Array [
                Object {
                  "alias10-51272": "Kenyan Shilling",
                  "alias20-65681": 34974,
                  "alias30-56185": 92933,
                  "aut12-93708": 13143,
                  "consequatur11-38527": 12773,
                  "key": "0-1",
                  "sit14-76921": 45424,
                },
                Object {
                  "alias10-51272": "vertical",
                  "alias20-65681": 69132,
                  "alias30-56185": 41153,
                  "aut12-93708": 27307,
                  "consequatur11-38527": 72499,
                  "key": "1-1",
                  "sit14-76921": 65930,
                },
              ],
              "consequatur11-38527": 55659,
              "key": "2-0",
              "sit14-76921": 48504,
            },
            Object {
              "alias10-51272": "Arizona",
              "alias20-65681": 28537,
              "alias30-56185": 55719,
              "aut12-93708": 94632,
              "children": Array [
                Object {
                  "alias10-51272": "fuchsia",
                  "alias20-65681": 5428,
                  "alias30-56185": 15895,
                  "aut12-93708": 35587,
                  "children": Array [
                    Object {
                      "alias10-51272": "Concrete",
                      "alias20-65681": 21436,
                      "alias30-56185": 18888,
                      "aut12-93708": 80011,
                      "consequatur11-38527": 5242,
                      "key": "0-2",
                      "sit14-76921": 24753,
                    },
                    Object {
                      "alias10-51272": "Down-sized",
                      "alias20-65681": 1956,
                      "alias30-56185": 29308,
                      "aut12-93708": 78798,
                      "consequatur11-38527": 70418,
                      "key": "1-2",
                      "sit14-76921": 79117,
                    },
                    Object {
                      "alias10-51272": "Legacy",
                      "alias20-65681": 4137,
                      "alias30-56185": 38990,
                      "aut12-93708": 32838,
                      "consequatur11-38527": 41558,
                      "key": "2-2",
                      "sit14-76921": 33646,
                    },
                    Object {
                      "alias10-51272": "content",
                      "alias20-65681": 74683,
                      "alias30-56185": 88801,
                      "aut12-93708": 77060,
                      "consequatur11-38527": 57435,
                      "key": "3-2",
                      "sit14-76921": 65733,
                    },
                    Object {
                      "alias10-51272": "Checking Account",
                      "alias20-65681": 78239,
                      "alias30-56185": 5470,
                      "aut12-93708": 32345,
                      "consequatur11-38527": 25589,
                      "key": "4-2",
                      "sit14-76921": 63284,
                    },
                  ],
                  "consequatur11-38527": 69591,
                  "key": "0-1",
                  "sit14-76921": 75513,
                },
                Object {
                  "alias10-51272": "Movies",
                  "alias20-65681": 65266,
                  "alias30-56185": 51425,
                  "aut12-93708": 73421,
                  "children": Array [
                    Object {
                      "alias10-51272": "navigating",
                      "alias20-65681": 10332,
                      "alias30-56185": 60419,
                      "aut12-93708": 36695,
                      "consequatur11-38527": 50035,
                      "key": "0-2",
                      "sit14-76921": 11618,
                    },
                    Object {
                      "alias10-51272": "Producer",
                      "alias20-65681": 8199,
                      "alias30-56185": 3661,
                      "aut12-93708": 13695,
                      "consequatur11-38527": 22822,
                      "key": "1-2",
                      "sit14-76921": 99552,
                    },
                    Object {
                      "alias10-51272": "Technician",
                      "alias20-65681": 58582,
                      "alias30-56185": 75146,
                      "aut12-93708": 37148,
                      "consequatur11-38527": 46384,
                      "key": "2-2",
                      "sit14-76921": 19630,
                    },
                  ],
                  "consequatur11-38527": 21450,
                  "key": "1-1",
                  "sit14-76921": 23874,
                },
                Object {
                  "alias10-51272": "Investment Account",
                  "alias20-65681": 96142,
                  "alias30-56185": 23389,
                  "aut12-93708": 32062,
                  "consequatur11-38527": 11412,
                  "key": "2-1",
                  "sit14-76921": 78599,
                },
                Object {
                  "alias10-51272": "New Jersey",
                  "alias20-65681": 99415,
                  "alias30-56185": 140,
                  "aut12-93708": 20765,
                  "children": Array [
                    Object {
                      "alias10-51272": "Tala",
                      "alias20-65681": 64737,
                      "alias30-56185": 73890,
                      "aut12-93708": 6899,
                      "consequatur11-38527": 12859,
                      "key": "0-2",
                      "sit14-76921": 80238,
                    },
                    Object {
                      "alias10-51272": "instruction set",
                      "alias20-65681": 90491,
                      "alias30-56185": 84871,
                      "aut12-93708": 36108,
                      "consequatur11-38527": 73558,
                      "key": "1-2",
                      "sit14-76921": 95219,
                    },
                    Object {
                      "alias10-51272": "Tasty Plastic Towels",
                      "alias20-65681": 53261,
                      "alias30-56185": 35045,
                      "aut12-93708": 51679,
                      "consequatur11-38527": 53973,
                      "key": "2-2",
                      "sit14-76921": 34324,
                    },
                    Object {
                      "alias10-51272": "olive",
                      "alias20-65681": 25637,
                      "alias30-56185": 19529,
                      "aut12-93708": 37408,
                      "consequatur11-38527": 99336,
                      "key": "3-2",
                      "sit14-76921": 55969,
                    },
                    Object {
                      "alias10-51272": "niches",
                      "alias20-65681": 45708,
                      "alias30-56185": 25719,
                      "aut12-93708": 62656,
                      "consequatur11-38527": 51797,
                      "key": "4-2",
                      "sit14-76921": 87245,
                    },
                  ],
                  "consequatur11-38527": 89761,
                  "key": "3-1",
                  "sit14-76921": 10818,
                },
              ],
              "consequatur11-38527": 56697,
              "key": "3-0",
              "sit14-76921": 86349,
            },
            Object {
              "alias10-51272": "target",
              "alias20-65681": 73334,
              "alias30-56185": 70447,
              "aut12-93708": 60210,
              "consequatur11-38527": 29163,
              "key": "4-0",
              "sit14-76921": 49706,
            },
          ]
        }
        expandIcon={[Function]}
        expandedRowKeys={Array []}
        filterHandler={[Function]}
        filterParams={Object {}}
        isResizableColumns={true}
        loading={false}
        loadingRows={Object {}}
        onChange={[Function]}
        onExpand={[Function]}
        pageSizeOptions={
          Array [
            "20",
            "35",
            "50",
            "100",
          ]
        }
        pagination={
          Object {
            "pageSize": 20,
            "pageSizeOptions": Array [
              "20",
              "35",
              "50",
              "100",
            ],
            "showSizeChanger": true,
            "showTotal": [Function],
          }
        }
        parentsMap={Object {}}
        rowKey="key"
        searchHandler={[Function]}
        showSorterTooltip={false}
        size="small"
        sortHandler={[Function]}
        sortParams={Object {}}
        sortable={true}
        tableLayout="fixed"
        visibleColumnsKeys={Array []}
      />
    </Loader>
  </ContextProvider>
</DndProvider>
`;
